// Vitest Snapshot v1, https://vitest.dev/guide/snapshot.html

exports[`PrefecturePopulationChart > Snapshot 1`] = `
<div>
  <section
    class="mt-5 mb-10"
  >
    <label
      class="block text-gray-700 mb-2"
    >
      表示するデータを選択
      <select
        class="block w-full max-w-xs p-2 border border-gray-300 rounded-md shadow-sm focus:outline-none focus:ring-cyan-500 focus:border-cyan-500"
      >
        <option
          value="total"
        >
          総人口
        </option>
        <option
          value="young"
        >
          年少人口
        </option>
        <option
          value="workingAge"
        >
          生産年齢人口
        </option>
        <option
          value="elderly"
        >
          老年人口
        </option>
      </select>
    </label>
    <div
      class="recharts-responsive-container"
      style="width: 100%; height: 500px; min-width: 0;"
    />
  </section>
</div>
`;
